<?xml version="1.0" encoding="UTF-8"?>
<testsuites duration="50.5">
    <testsuite failures="0" name="Untitled suite in /Users/niko/Sites/casperjs/tests/suites/casper/agent.js" package="tests/suites/casper/agent" tests="3" time="0.256">
        <testcase classname="tests/suites/casper/agent" name="Default user agent matches /CasperJS/" time="0.103"/>
        <testcase classname="tests/suites/casper/agent" name="Default user agent matches /plop/" time="0.146"/>
        <testcase classname="tests/suites/casper/agent" name="Default user agent matches /plop/" time="0.007"/>
    </testsuite>
    <testsuite failures="0" name="Untitled suite in /Users/niko/Sites/casperjs/tests/suites/casper/alert.js" package="tests/suites/casper/alert" tests="1" time="0.449">
        <testcase classname="tests/suites/casper/alert" name="alert event has been intercepted" time="0.449"/>
    </testsuite>
    <testsuite failures="0" name="Untitled suite in /Users/niko/Sites/casperjs/tests/suites/casper/auth.js" package="tests/suites/casper/auth" tests="8" time="0.101">
        <testcase classname="tests/suites/casper/auth" name="Subject equals the expected value" time="0.1"/>
        <testcase classname="tests/suites/casper/auth" name="Subject equals the expected value" time="0"/>
        <testcase classname="tests/suites/casper/auth" name="Subject equals the expected value" time="0"/>
        <testcase classname="tests/suites/casper/auth" name="Subject equals the expected value" time="0.001"/>
        <testcase classname="tests/suites/casper/auth" name="Subject equals the expected value" time="0"/>
        <testcase classname="tests/suites/casper/auth" name="Subject equals the expected value" time="0"/>
        <testcase classname="tests/suites/casper/auth" name="Subject equals the expected value" time="0"/>
        <testcase classname="tests/suites/casper/auth" name="Subject equals the expected value" time="0"/>
    </testsuite>
    <testsuite failures="0" name="Untitled suite in /Users/niko/Sites/casperjs/tests/suites/casper/capture.js" package="tests/suites/casper/capture" tests="4" time="0.945">
        <testcase classname="tests/suites/casper/capture" name="Casper.capture() captured a screenshot" time="0.681"/>
        <testcase classname="tests/suites/casper/capture" name="Casper.captureBase64() rendered a page capture as base64" time="0.174"/>
        <testcase classname="tests/suites/casper/capture" name="Casper.captureBase64() rendered a capture from a selector as base64" time="0.046"/>
        <testcase classname="tests/suites/casper/capture" name="Casper.captureBase64() rendered a capture from a clipRect as base64" time="0.044"/>
    </testsuite>
</testsuites>
